------------------------------------------------------------
TimeQuest Timing Analyzer Summary
------------------------------------------------------------

Type  : Slow Model Setup 'clock_divider:clock_divider_inst|clk_prescaled'
Slack : -8.286
TNS   : -1519.548

Type  : Slow Model Setup 'clk'
Slack : -2.975
TNS   : -64.284

Type  : Slow Model Hold 'clk'
Slack : -2.549
TNS   : -2.549

Type  : Slow Model Hold 'clock_divider:clock_divider_inst|clk_prescaled'
Slack : 0.391
TNS   : 0.000

Type  : Slow Model Minimum Pulse Width 'clock_divider:clock_divider_inst|clk_prescaled'
Slack : -2.000
TNS   : -388.000

Type  : Slow Model Minimum Pulse Width 'clk'
Slack : -1.380
TNS   : -34.380

Type  : Fast Model Setup 'clock_divider:clock_divider_inst|clk_prescaled'
Slack : -3.339
TNS   : -590.248

Type  : Fast Model Setup 'clk'
Slack : -0.915
TNS   : -13.551

Type  : Fast Model Hold 'clk'
Slack : -1.592
TNS   : -1.592

Type  : Fast Model Hold 'clock_divider:clock_divider_inst|clk_prescaled'
Slack : 0.215
TNS   : 0.000

Type  : Fast Model Minimum Pulse Width 'clock_divider:clock_divider_inst|clk_prescaled'
Slack : -2.000
TNS   : -388.000

Type  : Fast Model Minimum Pulse Width 'clk'
Slack : -1.380
TNS   : -34.380

------------------------------------------------------------
